// Jest Snapshot v1, https://goo.gl/fbAQLP

exports[`Pods Component does not render Pod component if there is not launch data 1`] = `
"<Fragment>
  <JSXStyle id=\\"1350581516\\">
    .
    p
    o
    d
    .
    j
    s
    x
    -
    1
    3
    5
    0
    5
    8
    1
    5
    1
    6
    {
    t
    e
    x
    t
    -
    a
    l
    i
    g
    n
    :
    c
    e
    n
    t
    e
    r
    ;
    b
    a
    c
    k
    g
    r
    o
    u
    n
    d
    :
    #
    f
    f
    f
    ;
    p
    a
    d
    d
    i
    n
    g
    :
    1
    5
    p
    x
    ;
    m
    a
    r
    g
    i
    n
    :
    0
     
    1
    5
    p
    x
     
    1
    5
    p
    x
     
    0
    ;
    f
    o
    n
    t
    -
    s
    i
    z
    e
    :
    1
    4
    p
    x
    ;
    }
    i
    m
    g
    .
    j
    s
    x
    -
    1
    3
    5
    0
    5
    8
    1
    5
    1
    6
    {
    w
    i
    d
    t
    h
    :
    1
    0
    0
    %
    ;
    }
    .
    t
    e
    x
    t
    -
    h
    o
    l
    d
    e
    r
    .
    j
    s
    x
    -
    1
    3
    5
    0
    5
    8
    1
    5
    1
    6
    {
    t
    e
    x
    t
    -
    a
    l
    i
    g
    n
    :
    l
    e
    f
    t
    ;
    d
    i
    s
    p
    l
    a
    y
    :
    -
    w
    e
    b
    k
    i
    t
    -
    b
    o
    x
    ;
    d
    i
    s
    p
    l
    a
    y
    :
    -
    w
    e
    b
    k
    i
    t
    -
    f
    l
    e
    x
    ;
    d
    i
    s
    p
    l
    a
    y
    :
    -
    m
    s
    -
    f
    l
    e
    x
    b
    o
    x
    ;
    d
    i
    s
    p
    l
    a
    y
    :
    f
    l
    e
    x
    ;
    m
    a
    r
    g
    i
    n
    -
    b
    o
    t
    t
    o
    m
    :
    6
    p
    x
    ;
    }
    .
    b
    o
    l
    d
    -
    t
    e
    x
    t
    .
    j
    s
    x
    -
    1
    3
    5
    0
    5
    8
    1
    5
    1
    6
    {
    f
    o
    n
    t
    -
    w
    e
    i
    g
    h
    t
    :
    b
    o
    l
    d
    ;
    m
    a
    r
    g
    i
    n
    -
    r
    i
    g
    h
    t
    :
    5
    p
    x
    ;
    }
    .
    i
    m
    a
    g
    e
    -
    c
    o
    n
    t
    a
    i
    n
    e
    r
    .
    j
    s
    x
    -
    1
    3
    5
    0
    5
    8
    1
    5
    1
    6
    {
    b
    a
    c
    k
    g
    r
    o
    u
    n
    d
    :
    #
    e
    e
    e
    ;
    m
    a
    r
    g
    i
    n
    :
    0
     
    a
    u
    t
    o
    ;
    }
    .
    m
    i
    s
    s
    i
    o
    n
    -
    n
    a
    m
    e
    .
    j
    s
    x
    -
    1
    3
    5
    0
    5
    8
    1
    5
    1
    6
    {
    t
    e
    x
    t
    -
    a
    l
    i
    g
    n
    :
    l
    e
    f
    t
    ;
    f
    o
    n
    t
    -
    w
    e
    i
    g
    h
    t
    :
    b
    o
    l
    d
    ;
    c
    o
    l
    o
    r
    :
    #
    4
    8
    5
    4
    9
    9
    ;
    m
    a
    r
    g
    i
    n
    :
    1
    0
    p
    x
     
    0
    ;
    f
    o
    n
    t
    -
    s
    i
    z
    e
    :
    1
    5
    p
    x
    ;
    }
    @
    m
    e
    d
    i
    a
     
    o
    n
    l
    y
     
    s
    c
    r
    e
    e
    n
     
    a
    n
    d
     
    (
    m
    a
    x
    -
    w
    i
    d
    t
    h
    :
    7
    0
    0
    p
    x
    )
    {
    .
    p
    o
    d
    .
    j
    s
    x
    -
    1
    3
    5
    0
    5
    8
    1
    5
    1
    6
    {
    m
    a
    r
    g
    i
    n
    :
    0
     
    0
     
    1
    5
    p
    x
     
    0
    ;
    }
    }
  </JSXStyle>
</Fragment>"
`;

exports[`Pods Component renders Pods component with proper data 1`] = `
"<Fragment>
  <Pod launch={{...}} />
  <Pod launch={{...}} />
  <JSXStyle id=\\"1350581516\\">
    .
    p
    o
    d
    .
    j
    s
    x
    -
    1
    3
    5
    0
    5
    8
    1
    5
    1
    6
    {
    t
    e
    x
    t
    -
    a
    l
    i
    g
    n
    :
    c
    e
    n
    t
    e
    r
    ;
    b
    a
    c
    k
    g
    r
    o
    u
    n
    d
    :
    #
    f
    f
    f
    ;
    p
    a
    d
    d
    i
    n
    g
    :
    1
    5
    p
    x
    ;
    m
    a
    r
    g
    i
    n
    :
    0
     
    1
    5
    p
    x
     
    1
    5
    p
    x
     
    0
    ;
    f
    o
    n
    t
    -
    s
    i
    z
    e
    :
    1
    4
    p
    x
    ;
    }
    i
    m
    g
    .
    j
    s
    x
    -
    1
    3
    5
    0
    5
    8
    1
    5
    1
    6
    {
    w
    i
    d
    t
    h
    :
    1
    0
    0
    %
    ;
    }
    .
    t
    e
    x
    t
    -
    h
    o
    l
    d
    e
    r
    .
    j
    s
    x
    -
    1
    3
    5
    0
    5
    8
    1
    5
    1
    6
    {
    t
    e
    x
    t
    -
    a
    l
    i
    g
    n
    :
    l
    e
    f
    t
    ;
    d
    i
    s
    p
    l
    a
    y
    :
    -
    w
    e
    b
    k
    i
    t
    -
    b
    o
    x
    ;
    d
    i
    s
    p
    l
    a
    y
    :
    -
    w
    e
    b
    k
    i
    t
    -
    f
    l
    e
    x
    ;
    d
    i
    s
    p
    l
    a
    y
    :
    -
    m
    s
    -
    f
    l
    e
    x
    b
    o
    x
    ;
    d
    i
    s
    p
    l
    a
    y
    :
    f
    l
    e
    x
    ;
    m
    a
    r
    g
    i
    n
    -
    b
    o
    t
    t
    o
    m
    :
    6
    p
    x
    ;
    }
    .
    b
    o
    l
    d
    -
    t
    e
    x
    t
    .
    j
    s
    x
    -
    1
    3
    5
    0
    5
    8
    1
    5
    1
    6
    {
    f
    o
    n
    t
    -
    w
    e
    i
    g
    h
    t
    :
    b
    o
    l
    d
    ;
    m
    a
    r
    g
    i
    n
    -
    r
    i
    g
    h
    t
    :
    5
    p
    x
    ;
    }
    .
    i
    m
    a
    g
    e
    -
    c
    o
    n
    t
    a
    i
    n
    e
    r
    .
    j
    s
    x
    -
    1
    3
    5
    0
    5
    8
    1
    5
    1
    6
    {
    b
    a
    c
    k
    g
    r
    o
    u
    n
    d
    :
    #
    e
    e
    e
    ;
    m
    a
    r
    g
    i
    n
    :
    0
     
    a
    u
    t
    o
    ;
    }
    .
    m
    i
    s
    s
    i
    o
    n
    -
    n
    a
    m
    e
    .
    j
    s
    x
    -
    1
    3
    5
    0
    5
    8
    1
    5
    1
    6
    {
    t
    e
    x
    t
    -
    a
    l
    i
    g
    n
    :
    l
    e
    f
    t
    ;
    f
    o
    n
    t
    -
    w
    e
    i
    g
    h
    t
    :
    b
    o
    l
    d
    ;
    c
    o
    l
    o
    r
    :
    #
    4
    8
    5
    4
    9
    9
    ;
    m
    a
    r
    g
    i
    n
    :
    1
    0
    p
    x
     
    0
    ;
    f
    o
    n
    t
    -
    s
    i
    z
    e
    :
    1
    5
    p
    x
    ;
    }
    @
    m
    e
    d
    i
    a
     
    o
    n
    l
    y
     
    s
    c
    r
    e
    e
    n
     
    a
    n
    d
     
    (
    m
    a
    x
    -
    w
    i
    d
    t
    h
    :
    7
    0
    0
    p
    x
    )
    {
    .
    p
    o
    d
    .
    j
    s
    x
    -
    1
    3
    5
    0
    5
    8
    1
    5
    1
    6
    {
    m
    a
    r
    g
    i
    n
    :
    0
     
    0
     
    1
    5
    p
    x
     
    0
    ;
    }
    }
  </JSXStyle>
</Fragment>"
`;
